// Jest Snapshot v1, https://goo.gl/fbAQLP

exports[`ProductPrice Component should render ProductPrice with default props and a custom value 1`] = `
Object {
  "asFragment": [Function],
  "baseElement": <body>
    <div>
      <div
        class="product__price"
      >
        <span
          class="price__symbol margin-right--5"
        >
          R$
        </span>
        <span
          class="price__value"
        >
          100
        </span>
        <img
          alt="Frete disponível"
          class="shipping-icon margin-left--10"
          src="ic_shipping.png"
          srcset="ic_shipping.png 500w, ic_shipping@2x.png.png 768w"
        />
      </div>
    </div>
  </body>,
  "container": <div>
    <div
      class="product__price"
    >
      <span
        class="price__symbol margin-right--5"
      >
        R$
      </span>
      <span
        class="price__value"
      >
        100
      </span>
      <img
        alt="Frete disponível"
        class="shipping-icon margin-left--10"
        src="ic_shipping.png"
        srcset="ic_shipping.png 500w, ic_shipping@2x.png.png 768w"
      />
    </div>
  </div>,
  "debug": [Function],
  "findAllByAltText": [Function],
  "findAllByDisplayValue": [Function],
  "findAllByLabelText": [Function],
  "findAllByPlaceholderText": [Function],
  "findAllByRole": [Function],
  "findAllByTestId": [Function],
  "findAllByText": [Function],
  "findAllByTitle": [Function],
  "findByAltText": [Function],
  "findByDisplayValue": [Function],
  "findByLabelText": [Function],
  "findByPlaceholderText": [Function],
  "findByRole": [Function],
  "findByTestId": [Function],
  "findByText": [Function],
  "findByTitle": [Function],
  "getAllByAltText": [Function],
  "getAllByDisplayValue": [Function],
  "getAllByLabelText": [Function],
  "getAllByPlaceholderText": [Function],
  "getAllByRole": [Function],
  "getAllByTestId": [Function],
  "getAllByText": [Function],
  "getAllByTitle": [Function],
  "getByAltText": [Function],
  "getByDisplayValue": [Function],
  "getByLabelText": [Function],
  "getByPlaceholderText": [Function],
  "getByRole": [Function],
  "getByTestId": [Function],
  "getByText": [Function],
  "getByTitle": [Function],
  "queryAllByAltText": [Function],
  "queryAllByDisplayValue": [Function],
  "queryAllByLabelText": [Function],
  "queryAllByPlaceholderText": [Function],
  "queryAllByRole": [Function],
  "queryAllByTestId": [Function],
  "queryAllByText": [Function],
  "queryAllByTitle": [Function],
  "queryByAltText": [Function],
  "queryByDisplayValue": [Function],
  "queryByLabelText": [Function],
  "queryByPlaceholderText": [Function],
  "queryByRole": [Function],
  "queryByTestId": [Function],
  "queryByText": [Function],
  "queryByTitle": [Function],
  "rerender": [Function],
  "unmount": [Function],
}
`;
