// Jest Snapshot v1, https://goo.gl/fbAQLP

exports[`Header Component should render a Header Component 1`] = `
Object {
  "asFragment": [Function],
  "baseElement": <body>
    <div>
      <header
        class="nav-header"
      >
        <div
          class="container"
        >
          <div
            class="logo"
          >
            <a
              href="/"
            >
              <img
                alt="Mercado Livre"
                src="Logo_ML.png"
                srcset="Logo_ML.png 500w, Logo_ML@2x.png.png 768w"
              />
            </a>
          </div>
          <form
            class="products-search"
          >
            <input
              placeholder="Nunca dejes de buscar"
              value=""
            />
            <button
              type="submit"
            >
              <img
                alt="Search items"
                src="ic_Search.png"
                srcset="ic_Search.png 500w, ic_Search@2x.png.png 768w"
              />
            </button>
          </form>
        </div>
      </header>
    </div>
  </body>,
  "container": <div>
    <header
      class="nav-header"
    >
      <div
        class="container"
      >
        <div
          class="logo"
        >
          <a
            href="/"
          >
            <img
              alt="Mercado Livre"
              src="Logo_ML.png"
              srcset="Logo_ML.png 500w, Logo_ML@2x.png.png 768w"
            />
          </a>
        </div>
        <form
          class="products-search"
        >
          <input
            placeholder="Nunca dejes de buscar"
            value=""
          />
          <button
            type="submit"
          >
            <img
              alt="Search items"
              src="ic_Search.png"
              srcset="ic_Search.png 500w, ic_Search@2x.png.png 768w"
            />
          </button>
        </form>
      </div>
    </header>
  </div>,
  "debug": [Function],
  "findAllByAltText": [Function],
  "findAllByDisplayValue": [Function],
  "findAllByLabelText": [Function],
  "findAllByPlaceholderText": [Function],
  "findAllByRole": [Function],
  "findAllByTestId": [Function],
  "findAllByText": [Function],
  "findAllByTitle": [Function],
  "findByAltText": [Function],
  "findByDisplayValue": [Function],
  "findByLabelText": [Function],
  "findByPlaceholderText": [Function],
  "findByRole": [Function],
  "findByTestId": [Function],
  "findByText": [Function],
  "findByTitle": [Function],
  "getAllByAltText": [Function],
  "getAllByDisplayValue": [Function],
  "getAllByLabelText": [Function],
  "getAllByPlaceholderText": [Function],
  "getAllByRole": [Function],
  "getAllByTestId": [Function],
  "getAllByText": [Function],
  "getAllByTitle": [Function],
  "getByAltText": [Function],
  "getByDisplayValue": [Function],
  "getByLabelText": [Function],
  "getByPlaceholderText": [Function],
  "getByRole": [Function],
  "getByTestId": [Function],
  "getByText": [Function],
  "getByTitle": [Function],
  "queryAllByAltText": [Function],
  "queryAllByDisplayValue": [Function],
  "queryAllByLabelText": [Function],
  "queryAllByPlaceholderText": [Function],
  "queryAllByRole": [Function],
  "queryAllByTestId": [Function],
  "queryAllByText": [Function],
  "queryAllByTitle": [Function],
  "queryByAltText": [Function],
  "queryByDisplayValue": [Function],
  "queryByLabelText": [Function],
  "queryByPlaceholderText": [Function],
  "queryByRole": [Function],
  "queryByTestId": [Function],
  "queryByText": [Function],
  "queryByTitle": [Function],
  "rerender": [Function],
  "unmount": [Function],
}
`;
