// Jest Snapshot v1, https://goo.gl/fbAQLP

exports[`ErrorBox Component should render ErrorBox 1`] = `
Object {
  "asFragment": [Function],
  "baseElement": <body>
    <div>
      <div
        class="container"
      >
        <section
          class="error box padding--16"
        >
          <picture
            class="error__icon margin-right--16"
          >
            <img
              alt="Icon error"
              src="error.svg"
            />
          </picture>
          <div
            class="error__message"
          >
            <h2
              class="error__message-title"
            >
              Erro!
            </h2>
            <p
              class="error__message-description"
            />
          </div>
        </section>
      </div>
    </div>
  </body>,
  "container": <div>
    <div
      class="container"
    >
      <section
        class="error box padding--16"
      >
        <picture
          class="error__icon margin-right--16"
        >
          <img
            alt="Icon error"
            src="error.svg"
          />
        </picture>
        <div
          class="error__message"
        >
          <h2
            class="error__message-title"
          >
            Erro!
          </h2>
          <p
            class="error__message-description"
          />
        </div>
      </section>
    </div>
  </div>,
  "debug": [Function],
  "findAllByAltText": [Function],
  "findAllByDisplayValue": [Function],
  "findAllByLabelText": [Function],
  "findAllByPlaceholderText": [Function],
  "findAllByRole": [Function],
  "findAllByTestId": [Function],
  "findAllByText": [Function],
  "findAllByTitle": [Function],
  "findByAltText": [Function],
  "findByDisplayValue": [Function],
  "findByLabelText": [Function],
  "findByPlaceholderText": [Function],
  "findByRole": [Function],
  "findByTestId": [Function],
  "findByText": [Function],
  "findByTitle": [Function],
  "getAllByAltText": [Function],
  "getAllByDisplayValue": [Function],
  "getAllByLabelText": [Function],
  "getAllByPlaceholderText": [Function],
  "getAllByRole": [Function],
  "getAllByTestId": [Function],
  "getAllByText": [Function],
  "getAllByTitle": [Function],
  "getByAltText": [Function],
  "getByDisplayValue": [Function],
  "getByLabelText": [Function],
  "getByPlaceholderText": [Function],
  "getByRole": [Function],
  "getByTestId": [Function],
  "getByText": [Function],
  "getByTitle": [Function],
  "queryAllByAltText": [Function],
  "queryAllByDisplayValue": [Function],
  "queryAllByLabelText": [Function],
  "queryAllByPlaceholderText": [Function],
  "queryAllByRole": [Function],
  "queryAllByTestId": [Function],
  "queryAllByText": [Function],
  "queryAllByTitle": [Function],
  "queryByAltText": [Function],
  "queryByDisplayValue": [Function],
  "queryByLabelText": [Function],
  "queryByPlaceholderText": [Function],
  "queryByRole": [Function],
  "queryByTestId": [Function],
  "queryByText": [Function],
  "queryByTitle": [Function],
  "rerender": [Function],
  "unmount": [Function],
}
`;
